// Jest Snapshot v1, https://goo.gl/fbAQLP

exports[`Select works 1`] = `
<div>
  <div
    class="inline-block relative bg-green-100 w-40"
  >
    <div
      class="block w-full"
    >
      <input
        class="bg-red-100 outline-none w-full cursor-pointer focus:cursor-text"
        placeholder="select"
        type="text"
        value=""
      />
    </div>
  </div>
</div>
`;
