// Jest Snapshot v1, https://goo.gl/fbAQLP

exports[`Select works 1`] = `
<div>
  <div
    class="inline-block relative bg-white w-full"
  >
    <div
      class="block w-full"
    >
      <input
        class="h-8 bg-gray-100 shadow-sm text-sm outline-none w-full px-2 cursor-pointer focus:cursor-text"
        placeholder="select vehicle"
        type="text"
        value=""
      />
    </div>
  </div>
</div>
`;
